      Step     Time          Energy          fmax
BFGS:    0 17:33:40      -17.851399        0.419726
BFGS:    1 17:33:40      -17.858590        0.370393
BFGS:    2 17:33:40      -17.884398        0.021232
BFGS:    3 17:33:40      -17.884482        0.019514
BFGS:    4 17:33:40      -17.884510        0.015066
BFGS:    5 17:33:40      -17.884542        0.004455
BFGS:    6 17:33:40      -17.884548        0.001602
BFGS:    7 17:33:40      -17.884549        0.000180
BFGS:    8 17:33:40      -17.884549        0.000017
      Step     Time          Energy          fmax
BFGS:    0 11:02:14      -17.851399        0.419726
BFGS:    1 11:02:14      -17.858590        0.370393
BFGS:    2 11:02:14      -17.884398        0.021232
BFGS:    3 11:02:14      -17.884482        0.019514
BFGS:    4 11:02:14      -17.884510        0.015066
BFGS:    5 11:02:14      -17.884542        0.004455
BFGS:    6 11:02:14      -17.884548        0.001602
BFGS:    7 11:02:14      -17.884549        0.000180
BFGS:    8 11:02:14      -17.884549        0.000017
